28 31
6
13 15
14 21
13 23
14 23
12 23
15 23
1 2 3 4 4 
14 21
0  0  0  NS PO NS 0  0  0  0  0  0  0  0  0  0  0  0  0  0  0  0  NS PO NS 0  0  0  
0  0  0  NS PO NE EO EO EO EO EO EO EO EO EO EO EO EO EO EO EO EO NO PO NS 0  0  0  
0  0  0  NS PO PO PO PO PO PO PO PO PO PO PO PO PO PO PO PO PO PO PO PO NS 0  0  0  
EO EO EO NO PO SE EO EO SO PO SE EO EO EO EO EO EO SO PO SE EO EO SO PO NE EO EO EO 
PO PO PO PO PG NS 0  0  NS PO NE EO EO EO EO EO EO NO PO NS 0  0  NS PG PO PO PO PO 
EO SO PO SE EO NO 0  0  NS PO PO PO PO PO PO PO PO PO PO NS 0  0  NE EO SO PO SE EO 
0  NS PO NS 0  0  0  0  NS PO SE EO EO EO EO EO EO SO PO NS 0  0  0  0  NS PO NS 0  
0  NS PO NS 0  0  0  0  NS PO NS 0  0  0  0  0  0  NS PO NS 0  0  0  0  NS PO NS 0  
0  NS PO NE EO EO EO EO NO PO NE EO EO EO EO EO EO NO PO NE EO EO EO EO NO PO NS 0  
0  NS PO PO PO PO PO PO PO PO 0  0  0  0  0  0  0  0  PO PO PO PO PO PO PO PO NS 0  
0  NS PO SE SO PO SE EO EO EO EO SO 0  SE SO 0  SE EO EO EO EO SO PO SE SO PO NS 0  
0  NS PO NS NS PO NE EO EO SO SE NO 0  NS NS 0  NE SO SE EO EO NO PO NS NS PO NS 0  
0  NS PO NS NS PO PO PO PO NS NS 0  0  NS NS 0  0  NS NS PO PO PO PO NS NS PO NS 0  
0  NS PO NS NS PO SE SO PO NS NS 0  SE NO NE SO 0  NS NS PO SE SO PO NS NS PO NS 0  
0  NS PO NE NO PO NS NS PO NE NO 0  NE EO EO NO 0  NE NO PO NS NS PO NE NO PO NS 0  
0  NS PO PO PO PO NS NS PO 0  0  0  0  0  0  0  0  0  0  PO NS NS PO PO PO PO NS 0  
0  NS PO SE SO PO NS NS PO SE SO 0  SE EO EO SO 0  SE SO PO NS NS PO SE SO PO NS 0  
0  NS PO NS NS PO NE NO PO NS NS 0  NE SO SE NO 0  NS NS PO NE NO PO NS NS PO NS 0  
0  NS PO NS NS PO PO PO PO NS NS 0  0  NS NS 0  0  NS NS PO PO PO PO NS NS PO NS 0  
0  NS PO NS NS PO SE EO EO NO NE SO 0  NS NS 0  SE NO NE EO EO SO PO NS NS PO NS 0  
0  NS PO NE NO PO NE EO EO EO EO NO 0  NE NO 0  NE EO EO EO EO NO PO NE NO PO NS 0  
0  NS PO PO PO PO PO PO PO PO 0  0  0  0  0  0  0  0  PO PO PO PO PO PO PO PO NS 0  
0  NS PO SE EO EO EO EO SO PO SE EO EO P  P EO EO SO PO SE EO EO EO EO SO PO NS 0  
0  NS PO NS 0  0  0  0  NS PO NS 0  0  0  0  0  0  NS PO NS 0  0  0  0  NS PO NS 0  
0  NS PO NS 0  0  0  0  NS PO NE EO EO EO EO EO EO NO PO NS 0  0  0  0  NS PO NS 0  
EO NO PO NE EO SO 0  0  NS PO PO PO PO PO PO PO PO PO PO NS 0  0  SE EO NO PO NE EO 
PO PO PO PO PG NS 0  0  NS PO SE EO EO EO EO EO EO SO PO NS 0  0  NS PG PO PO PO PO 
EO EO EO SO PO NE EO EO NO PO NE EO EO EO EO EO EO NO PO NE EO EO NO PO SE EO EO EO 
0  0  0  NS PO PO PO PO PO PO PO PO PO PO PO PO PO PO PO PO PO PO PO PO NS 0  0  0  
0  0  0  NS PO SE EO EO EO EO EO EO EO EO EO EO EO EO EO EO EO EO SO PO NS 0  0  0  
0  0  0  NS PO NS 0  0  0  0  0  0  0  0  0  0  0  0  0  0  0  0  NS PO NS 0  0  0  
