28 31
5
13 17
11 14
13 14
15 14
13 11
3 2 4 1
13 11
SE EO EO EO EO EO EO EO EO EO EO EO EO SO SE EO EO EO EO EO EO EO EO EO EO EO EO SO
NS 0  0  0  0  0  0  0  0  0  0  0  0  NS NS 0  0  0  0  0  0  0  0  0  0  0  0  NS
NS 0  SE EO EO SO 0  SE EO EO EO SO 0  NS NS 0  SE EO EO EO SO 0  SE EO EO SO 0  NS
NS 0  NS 0  0  NS 0  NS 0  0  0  NS 0  NS NS 0  NS 0  0  0  NS 0  NS 0  0  NS 0  NS
NS 0  NE EO EO NO 0  NE EO EO EO NO 0  NE NO 0  NE EO EO EO NO 0  NE EO EO NO 0  NS
NS 0  0  0  0  0  0  0  0  0  0  0  0  0  0  0  0  0  0  0  0  0  0  0  0  0  0  NS
NS 0  SE EO EO SO 0  SE SO 0  SE EO EO EO EO EO EO SO 0  SE SO 0  SE EO EO SO 0  NS
NS 0  NE EO EO NO 0  NS NS 0  NE EO EO SO SE EO EO NO 0  NS NS 0  NE EO EO NO 0  NS
NS 0  0  0  0  0  0  NS NS 0  0  0  0  NS NS 0  0  0  0  NS NS 0  0  0  0  0  0  NS
NE EO EO EO EO SO 0  NS NE EO EO SO 0  NS NS 0  SE EO EO NO NS 0  SE EO EO EO EO NO
0  0  0  0  0  NS 0  NS SE EO EO NO 0  NE NO 0  NE EO EO SO NS 0  NS 0  0  0  0  0
0  0  0  0  0  NS 0  NS NS 0  0  0  0  0  0  0  0  0  0  NS NS 0  NS 0  0  0  0  0
0  0  0  0  0  NS 0  NS NS 0  SE EO EO P  P  EO EO SO 0  NS NS 0  NS 0  0  0  0  0
EO EO EO EO EO NO 0  NE NO 0  NS 0  0  0  0  0  0  NS 0  NE NO 0  NE EO EO EO EO EO
0  0  0  0  0  0  0  0  0  0  NS 0  0  0  0  0  0  NS 0  0  0  0  0  0  0  0  0  0
EO EO EO EO EO SO 0  SE SO 0  NS 0  0  0  0  0  0  NS 0  SE SO 0  SE EO EO EO EO EO
0  0  0  0  0  NS 0  NS NS 0  NE EO EO EO EO EO EO NO 0  NS NS 0  NS 0  0  0  0  0
0  0  0  0  0  NS 0  NS NS 0  0  0  0  0  0  0  0  0  0  NS NS 0  NS 0  0  0  0  0
0  0  0  0  0  NS 0  NS NS 0  SE EO EO EO EO EO EO SO 0  NS NS 0  NS 0  0  0  0  0
SE EO EO EO EO NO 0  NE NO 0  NE EO EO SO SE EO EO NO 0  NE NO 0  NE EO EO EO EO SO
NS 0  0  0  0  0  0  0  0  0  0  0  0  NS NS 0  0  0  0  0  0  0  0  0  0  0  0  NS
NS 0  SE EO EO SO 0  SE EO EO EO SO 0  NS NS 0  SE EO EO EO SO 0  SE EO EO SO 0  NS
NS 0  NE EO SO NS 0  NE EO EO EO NO 0  NE NO 0  NE EO EO EO NO 0  NS SE EO NO 0  NS
NS 0  0  0  NS NS 0  0  0  0  0  0  0  0  0  0  0  0  0  0  0  0  NS NS 0  0  0  NS
NE EO SO 0  NS NS 0  SE SO 0  SE EO EO EO EO EO EO SO 0  SE SO 0  NS NS 0  SE EO NO
SE EO NO 0  NE NO 0  NS NS 0  NE EO EO SO SE EO EO NO 0  NS NS 0  NE NO 0  NE EO SO
NS 0  0  0  0  0  0  NS NS 0  0  0  0  NS NS 0  0  0  0  NS NS 0  0  0  0  0  0  NS
NS 0  SE EO EO EO EO NO NE EO EO SO 0  NS NS 0  SE EO EO NO NE EO EO EO EO SO 0  NS
NS 0  NE EO EO EO EO EO EO EO EO NO 0  NE NO 0  NE EO EO EO EO EO EO EO EO NO 0  NS
NS 0  0  0  0  0  0  0  0  0  0  0  0  0  0  0  0  0  0  0  0  0  0  0  0  0  0  NS
NE EO EO EO EO EO EO EO EO EO EO EO EO EO EO EO EO EO EO EO EO EO EO EO EO EO EO NO